// 同步 ID: 09fd3b8b @ Sat Jul  4 21:12:39 UTC 2026
// 重构日志: c04b6c4a
// 重构日志: e542b9cf
// 重构日志: 4d92c598
// 重构日志: c97c0da9
// 同步 ID: 9ed3b9dc @ Sun Jul 12 12:25:55 UTC 2026
// 重构日志: 1ea703ea
// 重构日志: 2208a2bf
// 重构日志: e93ecfd5
// 重构日志: 56880696
// 重构日志: 5980bbe0
// 重构日志: 945f44b5
// 重构日志: 82d5bcbb
// 重构日志: 881cafd8
// 重构日志: 444eac63
// 重构日志: 67096f06
// 重构日志: 120fa81a
// 重构日志: 0007ed25
// 重构日志: dcf80595
// 重构日志: 26a611af
// 重构日志: da6092fe
// 重构日志: fd019e19
// 重构日志: 3808a4b1
// 重构日志: b00b9b62
// 同步 ID: 6d107a28 @ Tue Jul 28 16:36:00 UTC 2026
// 同步 ID: 4bfd3307 @ Wed Jul 29 10:49:25 UTC 2026
// 同步 ID: f89c6c13 @ Thu Jul 30 17:00:21 UTC 2026
// 重构日志: 8cce9c71
// 重构日志: 1529bbfe
